Patches : 2858  (train 2515, val 343)
Model   : U-Net width 8, 123k params
Epochs  : 15

/home/pranay/dev/Major_Project_Iter1/preprocessing/cleaner/train.py:293: UserWarning: Converting a tensor with requires_grad=True to a scalar may lead to unexpected behavior.
Consider using tensor.detach() first. (Triggered internally at /__w/pytorch/pytorch/torch/csrc/autograd/generated/python_variable_methods.cpp:822.)
  losses.append(float(loss))
  epoch   1/15  train 0.7941  val 0.6720  P 0.601  R 0.847  F1 0.704  (322s)  <- saved
  epoch   2/15  train 0.2029  val 0.8690  P 0.301  R 0.930  F1 0.455  (407s)
  epoch   3/15  train 0.1289  val 0.0978  P 0.985  R 0.949  F1 0.967  (303s)  <- saved
  epoch   4/15  train 0.1135  val 0.0985  P 0.967  R 0.965  F1 0.966  (305s)
  epoch   5/15  train 0.0965  val 0.1260  P 0.938  R 0.962  F1 0.950  (326s)
  epoch   6/15  train 0.0871  val 0.1227  P 0.951  R 0.969  F1 0.960  (148s)
  epoch   7/15  train 0.0787  val 0.0710  P 0.968  R 0.975  F1 0.972  (68s)  <- saved
  epoch   8/15  train 0.0777  val 0.0646  P 0.981  R 0.970  F1 0.976  (70s)  <- saved
  epoch   9/15  train 0.0726  val 0.0555  P 0.986  R 0.971  F1 0.979  (70s)  <- saved
  epoch  10/15  train 0.0703  val 0.0507  P 0.984  R 0.975  F1 0.980  (70s)  <- saved
  epoch  11/15  train 0.0652  val 0.0451  P 0.986  R 0.976  F1 0.981  (69s)  <- saved
  epoch  12/15  train 0.0667  val 0.0529  P 0.988  R 0.972  F1 0.980  (70s)
  epoch  13/15  train 0.0614  val 0.0457  P 0.982  R 0.981  F1 0.981  (70s)  <- saved
  epoch  14/15  train 0.0638  val 0.0429  P 0.986  R 0.979  F1 0.982  (70s)  <- saved
  epoch  15/15  train 0.0602  val 0.0439  P 0.987  R 0.978  F1 0.982  (70s)

Best stroke F1: 0.982
Weights: /home/pranay/dev/Major_Project_Iter1/preprocessing/cleaner/runs/cleaner.pt
